<!doctype html>
<html lang="en">
<head><title>DMI_THREAD_PASSED_WHERE_RUNNABLE_EXPECTED</title></head>
<body>
<h3>Dm: Thread passed where Runnable expected (DMI_THREAD_PASSED_WHERE_RUNNABLE_EXPECTED)</h3>
<p> A Thread object is passed as a parameter to a method where
a Runnable is expected. This is rather unusual, and may indicate a logic error
or cause unexpected behavior.
   </p>
</body>
</html>