<HTML>
<HEAD>
<TITLE>Dm: Thread passed where Runnable expected (DMI_THREAD_PASSED_WHERE_RUNNABLE_EXPECTED)</TITLE>
</HEAD>
<BODY>
<H2>Dm: Thread passed where Runnable expected (DMI_THREAD_PASSED_WHERE_RUNNABLE_EXPECTED)</H2>
<p> A Thread object is passed as a parameter to a method where 
a Runnable is expected. This is rather unusual, and may indicate a logic error
or cause unexpected behavior.
   </p>
</BODY>
</HTML>
